// Jest Snapshot v1, https://goo.gl/fbAQLP

exports[`<App /> with no props should match the snapshot 1`] = `"<div><div><div><nav class=\\"navbar navbar-expand-lg navbar-dark primary-color navMyClass\\"><div class=\\"navbar-brand\\" data-testid=\\"navbar\\">UK Parliament - Members&#x27; Names Data Platform</div><div class=\\"collapse navbar-collapse navMyInner\\" id=\\"navbarNav\\"><ul class=\\"navbar-nav\\"><li class=\\"nav-item myNavbutton\\"><button>RefreshData</button></li><li class=\\"nav-item myNavButton\\"><button>Filter Data</button></li></ul></div></nav></div><div><h3 class=\\"dataLoadingTitle\\" data-testid=\\"loadingApi\\">Data is loading from MP Api...</h3></div><div><div data-test=\\"datatable\\" class=\\"dataTables_wrapper dt-bootstrap4\\"><div class=\\"row\\"><div data-test=\\"datatable-entries\\" class=\\"col-sm-12 col-md-6\\"><div data-test=\\"datatable-select\\" class=\\"dataTables_length bs-select\\"><label>Show entries<select class=\\"custom-select custom-select-sm form-control form-control-sm\\" style=\\"margin-left:.5rem\\"><option selected=\\"\\" value=\\"10\\">10</option><option value=\\"20\\">20</option><option value=\\"50\\">50</option><option value=\\"100\\">100</option></select></label></div></div><div data-test=\\"datatable-search\\" class=\\"col-sm-12 col-md-6\\"><div data-test=\\"datatable-input\\" class=\\"dataTables_filter\\"><label>Search<input type=\\"search\\" value=\\"\\" class=\\"form-control form-control-sm\\" placeholder=\\"Search\\"/></label></div></div></div><div class=\\"row\\"><div data-test=\\"datatable-table-scroll\\" class=\\"col-sm-12\\"><div class=\\"dataTables_scroll\\"><div class=\\"dataTables_scrollHead\\" style=\\"overflow:hidden\\"><div class=\\"dataTables_scrollHeadInner\\" style=\\"position:relative;transform:translateX(-0px);box-sizing:content-box;padding-right:15px;min-width:auto\\"><div data-test=\\"table\\" class=\\"\\"><table entries=\\"10\\" class=\\"table table-bordered table-sm table-striped dataTable\\"><colgroup></colgroup><thead data-test=\\"datatable-head\\"><tr></tr></thead></table></div></div></div><div class=\\"dataTable_scrollBody\\" style=\\"overflow:auto\\"><div data-test=\\"table\\" class=\\"table-wrapper-scroll-y\\" style=\\"max-height:50vh\\"><table style=\\"min-width:auto\\" entries=\\"10\\" class=\\"table table-bordered table-sm table-striped dataTable\\"><colgroup></colgroup><tbody data-test=\\"table-body\\"></tbody></table></div></div></div></div></div><div class=\\"row\\"><div data-test=\\"datatable-info\\" class=\\"col-sm-12 col-md-5\\"><div class=\\"dataTables_info\\" role=\\"status\\" aria-live=\\"polite\\">Showing 1 to 0 of 0 entries</div></div><div data-test=\\"datatable-pagination\\" class=\\"col-sm-12 col-md-7\\"><div class=\\"dataTables_paginate\\"><ul data-test=\\"pagination\\" class=\\"pagination\\"><li data-test=\\"page-item\\" class=\\"disabled page-item\\"><a data-test=\\"page-link\\" aria-label=\\"Previous\\" class=\\"page-link page-link\\"><span>Previous</span></a></li><li data-test=\\"page-item\\" class=\\"disabled page-item\\"><a data-test=\\"page-link\\" aria-label=\\"Next\\" class=\\"page-link page-link\\"><span>Next</span></a></li></ul></div></div></div></div></div></div></div>"`;

exports[`<navbar /> with no props should match the snapshot 1`] = `"<navbar></navbar>"`;

exports[`<table /> with no props should match the snapshot 1`] = `"<div><div data-test=\\"datatable\\" class=\\"dataTables_wrapper dt-bootstrap4\\"><div class=\\"row\\"><div data-test=\\"datatable-entries\\" class=\\"col-sm-12 col-md-6\\"><div data-test=\\"datatable-select\\" class=\\"dataTables_length bs-select\\"><label>Show entries<select class=\\"custom-select custom-select-sm form-control form-control-sm\\" style=\\"margin-left:.5rem\\"><option selected=\\"\\" value=\\"10\\">10</option><option value=\\"20\\">20</option><option value=\\"50\\">50</option><option value=\\"100\\">100</option></select></label></div></div><div data-test=\\"datatable-search\\" class=\\"col-sm-12 col-md-6\\"><div data-test=\\"datatable-input\\" class=\\"dataTables_filter\\"><label>Search<input type=\\"search\\" value=\\"\\" class=\\"form-control form-control-sm\\" placeholder=\\"Search\\"/></label></div></div></div><div class=\\"row\\"><div data-test=\\"datatable-table-scroll\\" class=\\"col-sm-12\\"><div class=\\"dataTables_scroll\\"><div class=\\"dataTables_scrollHead\\" style=\\"overflow:hidden\\"><div class=\\"dataTables_scrollHeadInner\\" style=\\"position:relative;transform:translateX(-0px);box-sizing:content-box;padding-right:15px;min-width:auto\\"><div data-test=\\"table\\" class=\\"\\"><table entries=\\"10\\" class=\\"table table-bordered table-sm table-striped dataTable\\"><colgroup></colgroup><thead data-test=\\"datatable-head\\"><tr></tr></thead></table></div></div></div><div class=\\"dataTable_scrollBody\\" style=\\"overflow:auto\\"><div data-test=\\"table\\" class=\\"table-wrapper-scroll-y\\" style=\\"max-height:50vh\\"><table style=\\"min-width:auto\\" entries=\\"10\\" class=\\"table table-bordered table-sm table-striped dataTable\\"><colgroup></colgroup><tbody data-test=\\"table-body\\"></tbody></table></div></div></div></div></div><div class=\\"row\\"><div data-test=\\"datatable-info\\" class=\\"col-sm-12 col-md-5\\"><div class=\\"dataTables_info\\" role=\\"status\\" aria-live=\\"polite\\">Showing 1 to 0 of 0 entries</div></div><div data-test=\\"datatable-pagination\\" class=\\"col-sm-12 col-md-7\\"><div class=\\"dataTables_paginate\\"><ul data-test=\\"pagination\\" class=\\"pagination\\"><li data-test=\\"page-item\\" class=\\"disabled page-item\\"><a data-test=\\"page-link\\" aria-label=\\"Previous\\" class=\\"page-link page-link\\"><span>Previous</span></a></li><li data-test=\\"page-item\\" class=\\"disabled page-item\\"><a data-test=\\"page-link\\" aria-label=\\"Next\\" class=\\"page-link page-link\\"><span>Next</span></a></li></ul></div></div></div></div></div>"`;
